[tenup.io/index.html]
[backblue.gif]
[fade.gif]
[index.html]
[tenup.io/Content/images/logo.png]
[tenup.io/path/to/image.jpg]
[tenup.io/Content/images/favicon.png]
[tenup.io/libs/inc/TimeCircles.css]
[cdnjs.cloudflare.com/ajax/libs/flipclock/0.7.8/flipclock.css]
[cdnjs.cloudflare.com/ajax/libs/font-awesome/5.15.4/css/all.min.css]
[cdn.jsdelivr.net/npm/slick-carousel@1.8.1/slick/slick.css]
[cdn.jsdelivr.net/npm/slick-carousel@1.8.1/slick/slick-theme.min.css]
[tenup.io/index-2.html]
[tenup.io/img/headerEffect1.png]
[tenup.io/img/headerEffect2.png]
[tenup.io/img/game_controller.png]
[tenup.io/img/Group-1076.png]
[tenup.io/img/Ludo NFT.png]
[tenup.io/img/cross chain.png]
[tenup.io/img/timeToEarn.png]
[tenup.io/img/availableEffect.png]
[tenup.io/img/cercleImage.png]
[tenup.io/img/Tokenomics.png]
[tenup.io/img/document.png]
[tenup.io/Tenup-whitepaper.pdf]
[tenup.io/LUDO-LITEPAPER.pdf]
[tenup.io/img/roadmapLines.png]
[tenup.io/img/discord.png]
[tenup.io/img/WZ-WHITE.jpg]
[tenup.io/img/ibti-white.png]
[tenup.io/img/ZA-White.jpg]
[tenup.io/img/FK-WHITE.jpg]
[tenup.io/img/DN-WHITE.jpg]
[tenup.io/img/logoFooter.png]
[cdnjs.cloudflare.com/ajax/libs/jquery/3.2.1/jquery.min.js]
[tenup.io/libs/magnific/jquery.magnific-popup.min.js]
[tenup.io/libs/validate/jquery.validate.min.js]
[tenup.io/libs/chart/chart.js]
[tenup.io/libs/chart/chart.bundle.js]
[tenup.io/libs/jarallax-master/dist/jarallax.min.js]
[tenup.io/libs/jarallax-master/dist/jarallax-element.min.js]
[tenup.io/libs/aos-master/aos.js]
[tenup.io/libs/OwlCarousel/dist/owl.carousel.js]
[tenup.io/js/scripts.js]
[tenup.io/js/particles.js]
[tenup.io/js/app.js]
[momentjs.com/downloads/moment.js]
[cdnjs.cloudflare.com/ajax/libs/moment-timezone/0.5.14/moment-timezone-with-data-2012-2022.min.js]
[cdnjs.cloudflare.com/ajax/libs/flipclock/0.7.8/flipclock.js]
[tenup.io/js/member.js]
[tenup.io/js/typwriter.js]
[tenup.io/index.html]
[tenup.io/path/to/image.html]
[cdn.jsdelivr.net/npm/slick-carousel@1.8.1/slick/slick.min.js]
[tenup.io/fonts/Gilroy-Light/Gilroy-Light.otf]
[tenup.io/fonts/Gilroy-Light/Gilroy-Lightd41d.otf]
[tenup.io/fonts/Gilroy-Light/Gilroy-Light.woff]
[tenup.io/fonts/Gilroy-Light/Gilroy-Light.ttf]
[tenup.io/fonts/fontello/fontello.eot]
[tenup.io/fonts/fontello/fontello.woff]
[tenup.io/fonts/fontello/fontello.ttf]
[tenup.io/img/projectBG.png]
[tenup.io/img/logoGif.gif]
[tenup.io/img/logo.png]
[tenup.io/img/app_bg-2.png]
[tenup.io/img/doc-bg.png]
[tenup.io/Content/images/bg-section1.png]
[tenup.io/Content/images/sec2-bg.png]
[tenup.io/css/main.css]
[tenup.io/fonts/campton-cufonfonts/CamptonLight.otf]
[tenup.io/css/tenupSmartNew.css]
[tenup.io/libs/OwlCarousel/dist/assets/owl.video.play.png]
[tenup.io/libs/OwlCarousel/dist/assets/owl.carousel.css]
[tenup.io/libs/magnific/magnific-popup.css]
[tenup.io/libs/magnific/magnific-popupa.css]
[tenup.io/libs/aos-master/aos.css]
[tenup.io/libs/inc/TimeCircles.html]
[cdnjs.cloudflare.com/ajax/libs/flipclock/0.7.8/flipclock.css]
[cdnjs.cloudflare.com/ajax/libs/font-awesome/5.15.4/css/all.min.css]
[cdn.jsdelivr.net/npm/slick-carousel@1.8.1/slick/slick.css]
[cdn.jsdelivr.net/npm/slick-carousel@1.8.1/slick/ajax-loader.gif]
[cdn.jsdelivr.net/npm/slick-carousel@1.8.1/slick/fonts/slick.eot]
[cdn.jsdelivr.net/npm/slick-carousel@1.8.1/slick/fonts/slickd41d.eot]
[cdn.jsdelivr.net/npm/slick-carousel@1.8.1/slick/fonts/slick.woff]
[cdn.jsdelivr.net/npm/slick-carousel@1.8.1/slick/fonts/slick.ttf]
[cdn.jsdelivr.net/npm/slick-carousel@1.8.1/slick/slick-theme.min.css]
[tenup.io/index-2.html]
[tenup.io/img/uniswapWhite.svg]
[tenup.io/img/okxWhite.svg]
[tenup.io/img/pancakeswapWhite.svg]
[tenup.io/img/gitBucket.svg]
[tenup.io/img/stakeQ.svg]
[tenup.io/img/tenupDappWhite.svg]
[tenup.io/img/tenupDapp.svg]
[tenup.io/img/projectSwapWhite.svg]
[tenup.io/img/projectSwap.svg]
[tenup.io/img/projectStakingWhite.svg]
[tenup.io/img/projectStaking.svg]
[tenup.io/img/bridgeWhite.svg]
[tenup.io/img/bridge.svg]
[tenup.io/img/tenupAnalyzerWhite.svg]
[tenup.io/img/tenupAnalyzer.svg]
[tenup.io/img/ludoNftWhite.svg]
[tenup.io/img/ludoNft.svg]
[cdn.jsdelivr.net/npm/slick-carousel@1.8.1/slick/fonts/slick.svg]
[tenup.io/img/pdfIcon.svg]
[tenup.io/img/downloadIcon.svg]
[tenup.io/img/cross.svg]
[tenup.io/img/ball1.svg]
[tenup.io/img/ball2.svg]
[tenup.io/img/ball3.svg]
[tenup.io/img/steric.svg]
[tenup.io/img/fbIcon.svg]
[tenup.io/img/twitter.svg]
[tenup.io/img/instaWhite.svg]
[tenup.io/img/youtubeWhite.svg]
[tenup.io/img/telegramWhite.svg]
[tenup.io/img/reddit.svg]
[tenup.io/img/linkedinWhite.svg]
[tenup.io/fonts/fontello/fontello.svg]
[tenup.io/img/check.svg]
[tenup.io/img/down-chevron.svg]
[tenup.io/img/arr-right.svg]
[cdn.jsdelivr.net/npm/slick-carousel@1.8.1/slick/fonts/slick.svg]
